Resolving dependencies...
Downloading packages...
  _fe_analyzer_shared 93.0.0 (99.0.0 available)
  analyzer 10.0.1 (12.1.0 available)
  async 2.13.0 (2.13.1 available)
  audio_session 0.1.25 (0.2.3 available)
  cupertino_icons 1.0.8 (1.0.9 available)
  flutter_secure_storage 9.2.4 (10.0.0 available)
  flutter_secure_storage_linux 1.2.3 (3.0.0 available)
  flutter_secure_storage_macos 3.1.3 (4.0.0 available)
  flutter_secure_storage_platform_interface 1.1.2 (2.0.1 available)
  flutter_secure_storage_web 1.2.1 (2.1.0 available)
  flutter_secure_storage_windows 3.1.2 (4.1.0 available)
  js 0.6.7 (0.7.2 available)
  just_audio 0.9.46 (0.10.5 available)
  local_auth 2.3.0 (3.0.1 available)
  local_auth_android 1.0.56 (2.0.7 available)
  local_auth_darwin 1.6.1 (2.0.3 available)
  local_auth_windows 1.0.11 (2.0.1 available)
  meta 1.17.0 (1.18.2 available)
  mgrs_dart 2.0.0 (3.0.0 available)
  package_info_plus 9.0.1 (10.0.0 available)
  package_info_plus_platform_interface 3.2.1 (4.0.0 available)
  path_provider_android 2.2.23 (2.3.1 available)
  permission_handler 11.4.0 (12.0.1 available)
  permission_handler_android 12.1.0 (13.0.1 available)
  pro_image_editor 12.0.13 (12.2.0 available)
  proj4dart 2.1.0 (3.0.0 available)
  share_plus 12.0.2 (13.0.0 available)
  share_plus_platform_interface 6.1.0 (7.0.0 available)
  test 1.30.0 (1.31.0 available)
  test_api 0.7.10 (0.7.11 available)
  test_core 0.6.16 (0.6.17 available)
  unicode 0.3.1 (1.1.9 available)
  vector_math 2.2.0 (2.3.0 available)
  win32 5.15.0 (6.0.0 available)
Got dependencies!
34 packages have newer versions incompatible with dependency constraints.
Try `flutter pub outdated` for more information.
lib/gallery_screen.dart:2175:9: Error: The getter 'thumbnailScrollController' isn't defined for the type '_GalleryScreenState'.
 - '_GalleryScreenState' is from 'package:rajappppp/gallery_screen.dart' ('lib/gallery_screen.dart').
Try correcting the name to the name of an existing getter, or defining a getter or field named 'thumbnailScrollController'.
    if (thumbnailScrollController.hasClients) {
        ^^^^^^^^^^^^^^^^^^^^^^^^^
lib/gallery_screen.dart:2176:7: Error: The method '_updateThumbnailStripVisibility' isn't defined for the type '_GalleryScreenState'.
 - '_GalleryScreenState' is from 'package:rajappppp/gallery_screen.dart' ('lib/gallery_screen.dart').
Try correcting the name to the name of an existing method, or defining a method named '_updateThumbnailStripVisibility'.
      _updateThumbnailStripVisibility();
      ^^^^^^^^^^^^^^^^^^^^^^^^^^^^^^^
Target kernel_snapshot_program failed: Exception
#0      KernelSnapshot.build (package:flutter_tools/src/build_system/targets/common.dart:289:7)
<asynchronous suspension>
#1      _BuildInstance._invokeInternal (package:flutter_tools/src/build_system/build_system.dart:937:9)
<asynchronous suspension>
#2      Future.wait.<anonymous closure> (dart:async/future.dart:546:21)
<asynchronous suspension>
#3      _BuildInstance.invokeTarget (package:flutter_tools/src/build_system/build_system.dart:875:32)
<asynchronous suspension>
#4      FlutterBuildSystem.build (package:flutter_tools/src/build_system/build_system.dart:684:16)
<asynchronous suspension>
#5      BundleBuilder.build (package:flutter_tools/src/bundle_builder.dart:78:32)
<asynchronous suspension>
#6      BuildBundleCommand.runCommand (package:flutter_tools/src/commands/build_bundle.dart:144:5)
<asynchronous suspension>
#7      FlutterCommand.run.<anonymous closure> (package:flutter_tools/src/runner/flutter_command.dart:1590:27)
<asynchronous suspension>
#8      AppContext.run.<anonymous closure> (package:flutter_tools/src/base/context.dart:154:19)
<asynchronous suspension>
#9      CommandRunner.runCommand (package:args/command_runner.dart:212:13)
<asynchronous suspension>
#10     FlutterCommandRunner.runCommand.<anonymous closure> (package:flutter_tools/src/runner/flutter_command_runner.dart:496:9)
<asynchronous suspension>
#11     AppContext.run.<anonymous closure> (package:flutter_tools/src/base/context.dart:154:19)
<asynchronous suspension>
#12     FlutterCommandRunner.runCommand (package:flutter_tools/src/runner/flutter_command_runner.dart:431:5)
<asynchronous suspension>
#13     FlutterCommandRunner.run.<anonymous closure> (package:flutter_tools/src/runner/flutter_command_runner.dart:307:33)
<asynchronous suspension>
#14     run.<anonymous closure>.<anonymous closure> (package:flutter_tools/runner.dart:104:11)
<asynchronous suspension>
#15     AppContext.run.<anonymous closure> (package:flutter_tools/src/base/context.dart:154:19)
<asynchronous suspension>
#16     main (package:flutter_tools/executable.dart:103:3)
<asynchronous suspension>

Failed to build bundle.
